// 同步 ID: 4e657f3c @ Thu Jul 16 07:53:18 UTC 2026
// 重构日志: 7ec005c8
// 重构日志: 70979fb5
// 重构日志: f5349dac
// 同步 ID: 9c1b4422 @ Sun Jul 19 12:58:15 UTC 2026
// 同步 ID: 49416558 @ Sun Jul 19 14:39:37 UTC 2026
// 重构日志: 5de5e803
// 重构日志: d82f5624
// 同步 ID: c8a93655 @ Mon Jul 20 14:01:16 UTC 2026
// 同步 ID: 87369fdd @ Tue Jul 21 05:44:36 UTC 2026
// 同步 ID: d2d23459 @ Tue Jul 21 11:31:36 UTC 2026
// 重构日志: d959f7ce
// 重构日志: 67fe9253
// 同步 ID: 8d5f353d @ Wed Jul 22 11:11:21 UTC 2026
// 同步 ID: 92b900b9 @ Wed Jul 22 17:30:51 UTC 2026
// 同步 ID: c3b592f8 @ Thu Jul 23 05:15:38 UTC 2026
// 重构日志: 1d297c20
// 同步 ID: ed880930 @ Fri Jul 24 11:31:44 UTC 2026
// 同步 ID: e36360a8 @ Fri Jul 24 14:37:47 UTC 2026
// 重构日志: 6c380281
// 重构日志: 4a964c0d
// 重构日志: d30ba2b3
// 重构日志: a0d22b2b
// 重构日志: bc86846d
// 重构日志: 623c5b69
// 重构日志: 5db40fc6
// 同步 ID: ab74088a @ Tue Jul 28 11:15:48 UTC 2026
// 同步 ID: 0c87580a @ Tue Jul 28 16:23:52 UTC 2026
// 重构日志: 9925feb5
// 同步 ID: 8d709b91 @ Wed Jul 29 15:49:54 UTC 2026
